[2026-09-22T12:18:08Z] === ENRICH ITERATION 1 START | repo=psf/requests sha=aeda65bb ===
[2026-09-22T12:18:08Z] [iter=1] PHASE START: enrich repo=psf/requests sha=aeda65bb runlog=/home/runner/work/forx/forx/storage/aggregate/lsp/logs/aeda65bb-enrich-iter-001.log output=/home/runner/work/forx/forx/storage/aggregate/lsp/aeda65bbe57ac5edbcc2d80db85d010befb7d419.nq.gz
[2026-09-22T12:18:08Z] [iter=1] Step 1: Loading AST into disk-backed store mem_mb=78 MB
[2026-09-22T12:18:17Z] [iter=1] AST store loaded triples=374094 load_secs=9 mem_mb=579 MB
[2026-09-22T12:18:17Z] [iter=1] Step 2: Finding LSP targets mem_mb=579 MB
[2026-09-22T12:18:18Z] [iter=1] LSP targets found call_sites=2453 imports=173 extends=65 implements=0 secs=0
[2026-09-22T12:18:18Z] [iter=1] Step 2.7: Building position index (one-shot, shared across resolvers) mem_mb=579 MB
[2026-09-22T12:18:19Z] [iter=1] Position index built positions=26282 nodes_with_types=34002 secs=1 mem_mb=579 MB
[2026-09-22T12:18:19Z] [iter=1] Step 3: Starting LSP resolution mem_mb=579 MB already_completed_types=[] already_completed_files=0
[2026-09-22T12:18:19Z] [iter=1] Resolving target type target_type=call_site count=2453
[2026-09-22T12:19:29Z] [iter=1] HEARTBEAT target_type=call_site elapsed_min=1.4 files_done=1 resolved=223 errors=698 current=requests/sessions.py
[2026-09-22T12:20:10Z] [iter=1] HEARTBEAT target_type=call_site elapsed_min=2.0 files_done=7 resolved=459 errors=1090 current=tests/test_testserver.py
[2026-09-22T12:20:40Z] [iter=1] HEARTBEAT target_type=call_site elapsed_min=2.5 files_done=16 resolved=658 errors=1421 current=requests/help.py
[2026-09-22T12:21:05Z] [iter=1] Target type resolved target_type=call_site resolved=712 errors=1524 secs=166 mem_mb=579 MB
[2026-09-22T12:21:05Z] [iter=1] Resolving target type target_type=import_statement count=173
[2026-09-22T12:21:07Z] [iter=1] Target type resolved target_type=import_statement resolved=151 errors=0 secs=2 mem_mb=579 MB
[2026-09-22T12:21:07Z] [iter=1] Resolving target type target_type=extends_clause count=65
[2026-09-22T12:21:09Z] [iter=1] Target type resolved target_type=extends_clause resolved=64 errors=0 secs=1 mem_mb=579 MB
[2026-09-22T12:21:12Z] [iter=1] Step 5: Writing final enrichment file triples=24006
[2026-09-22T12:21:12Z] [iter=1] Enrichment file written path=/home/runner/work/forx/forx/storage/aggregate/lsp/aeda65bbe57ac5edbcc2d80db85d010befb7d419.nq.gz size_kb=468
[2026-09-22T12:21:12Z] [iter=1] PHASE END: enrich elapsed_s=184 elapsed_min=3.1 total_triples=24006
