[2026-09-26T07:07:06Z] === ENRICH ITERATION 1 START | repo=psf/requests sha=b2289cd2 ===
[2026-09-26T07:07:06Z] [iter=1] PHASE START: enrich repo=psf/requests sha=b2289cd2 runlog=/home/runner/work/forx/forx/storage/aggregate/lsp/logs/b2289cd2-enrich-iter-001.log output=/home/runner/work/forx/forx/storage/aggregate/lsp/b2289cd2d5d21bd31cf4a818a4e0ff6951b2317a.nq.gz
[2026-09-26T07:07:06Z] [iter=1] Step 1: Loading AST into disk-backed store mem_mb=78 MB
[2026-09-26T07:07:16Z] [iter=1] AST store loaded triples=1468084 load_secs=10 mem_mb=881 MB
[2026-09-26T07:07:16Z] [iter=1] Step 2: Finding LSP targets mem_mb=881 MB
[2026-09-26T07:07:18Z] [iter=1] LSP targets found call_sites=3886 imports=246 extends=164 implements=0 secs=2
[2026-09-26T07:07:19Z] [iter=1] Step 2.7: Building position index (one-shot, shared across resolvers) mem_mb=881 MB
[2026-09-26T07:07:27Z] [iter=1] Position index built positions=86175 nodes_with_types=112020 secs=8 mem_mb=881 MB
[2026-09-26T07:07:27Z] [iter=1] Step 3: Starting LSP resolution mem_mb=881 MB already_completed_types=[] already_completed_files=0
[2026-09-26T07:07:27Z] [iter=1] Resolving target type target_type=call_site count=3886
[2026-09-26T07:07:41Z] [iter=1] HEARTBEAT target_type=call_site elapsed_min=0.6 files_done=1 resolved=6 errors=20 current=tests/conftest.py
[2026-09-26T07:14:45Z] [iter=1] HEARTBEAT target_type=call_site elapsed_min=7.7 files_done=3 resolved=169 errors=706 current=tests/test_utils.py
[2026-09-26T07:15:30Z] [iter=1] HEARTBEAT target_type=call_site elapsed_min=8.4 files_done=4 resolved=189 errors=778 current=requests/packages/urllib3/poolmanager.py
[2026-09-26T07:17:16Z] [iter=1] HEARTBEAT target_type=call_site elapsed_min=10.2 files_done=6 resolved=273 errors=948 current=requests/packages/idna/codec.py
[2026-09-26T07:18:31Z] [iter=1] HEARTBEAT target_type=call_site elapsed_min=11.4 files_done=8 resolved=312 errors=1071 current=requests/packages/urllib3/response.py
[2026-09-26T07:19:21Z] [iter=1] HEARTBEAT target_type=call_site elapsed_min=12.3 files_done=9 resolved=345 errors=1152 current=tests/test_testserver.py
[2026-09-26T07:20:34Z] [iter=1] HEARTBEAT target_type=call_site elapsed_min=13.5 files_done=11 resolved=419 errors=1270 current=requests/packages/idna/uts46data.py
[2026-09-26T07:21:20Z] [iter=1] HEARTBEAT target_type=call_site elapsed_min=14.2 files_done=12 resolved=420 errors=1343 current=requests/cookies.py
[2026-09-26T07:21:55Z] [iter=1] HEARTBEAT target_type=call_site elapsed_min=14.8 files_done=13 resolved=475 errors=1399 current=requests/packages/urllib3/packages/six.py
[2026-09-26T07:23:59Z] [iter=1] HEARTBEAT target_type=call_site elapsed_min=16.9 files_done=14 resolved=566 errors=1601 current=requests/packages/urllib3/request.py
[2026-09-26T07:24:43Z] [iter=1] HEARTBEAT target_type=call_site elapsed_min=17.6 files_done=17 resolved=618 errors=1673 current=requests/sessions.py
[2026-09-26T07:25:50Z] [iter=1] HEARTBEAT target_type=call_site elapsed_min=18.7 files_done=18 resolved=641 errors=1782 current=requests/adapters.py
[2026-09-26T07:26:30Z] [iter=1] HEARTBEAT target_type=call_site elapsed_min=19.4 files_done=19 resolved=671 errors=1847 current=requests/auth.py
[2026-09-26T07:27:26Z] [iter=1] HEARTBEAT target_type=call_site elapsed_min=20.3 files_done=21 resolved=795 errors=1938 current=requests/packages/urllib3/packages/ssl_match_hostname/_implementation.py
[2026-09-26T07:28:26Z] [iter=1] HEARTBEAT target_type=call_site elapsed_min=21.3 files_done=23 resolved=884 errors=2035 current=requests/packages/urllib3/contrib/ntlmpool.py
[2026-09-26T07:29:05Z] [iter=1] HEARTBEAT target_type=call_site elapsed_min=22.0 files_done=25 resolved=904 errors=2099 current=requests/packages/urllib3/filepost.py
[2026-09-26T07:29:42Z] [iter=1] HEARTBEAT target_type=call_site elapsed_min=22.6 files_done=27 resolved=930 errors=2158 current=requests/packages/urllib3/contrib/pyopenssl.py
[2026-09-26T07:30:16Z] [iter=1] HEARTBEAT target_type=call_site elapsed_min=23.2 files_done=28 resolved=961 errors=2211 current=setup.py
[2026-09-26T07:30:47Z] [iter=1] HEARTBEAT target_type=call_site elapsed_min=23.7 files_done=33 resolved=1013 errors=2260 current=tests/test_lowlevel.py
[2026-09-26T07:31:24Z] [iter=1] HEARTBEAT target_type=call_site elapsed_min=24.3 files_done=35 resolved=1052 errors=2320 current=requests/packages/chardet/chardetect.py
[2026-09-26T07:31:58Z] [iter=1] HEARTBEAT target_type=call_site elapsed_min=24.9 files_done=44 resolved=1107 errors=2374 current=requests/packages/urllib3/util/connection.py
[2026-09-26T07:32:37Z] [iter=1] HEARTBEAT target_type=call_site elapsed_min=25.5 files_done=48 resolved=1129 errors=2436 current=requests/hooks.py
[2026-09-26T07:33:07Z] [iter=1] HEARTBEAT target_type=call_site elapsed_min=26.0 files_done=56 resolved=1162 errors=2485 current=requests/packages/idna/compat.py
[2026-09-26T07:33:37Z] [iter=1] Target type resolved target_type=call_site resolved=1182 errors=2517 secs=1570 mem_mb=881 MB
[2026-09-26T07:33:37Z] [iter=1] Resolving target type target_type=import_statement count=246
[2026-09-26T07:33:37Z] [iter=1] HEARTBEAT target_type=import_statement elapsed_min=26.5 files_done=0 resolved=0 errors=0 current=requests/certs.py
[2026-09-26T07:33:41Z] [iter=1] Target type resolved target_type=import_statement resolved=221 errors=0 secs=4 mem_mb=881 MB
[2026-09-26T07:33:41Z] [iter=1] Resolving target type target_type=extends_clause count=164
[2026-09-26T07:33:43Z] [iter=1] Target type resolved target_type=extends_clause resolved=161 errors=0 secs=2 mem_mb=881 MB
[2026-09-26T07:33:52Z] [iter=1] Step 5: Writing final enrichment file triples=43489
[2026-09-26T07:33:53Z] [iter=1] Enrichment file written path=/home/runner/work/forx/forx/storage/aggregate/lsp/b2289cd2d5d21bd31cf4a818a4e0ff6951b2317a.nq.gz size_kb=1043
[2026-09-26T07:33:53Z] [iter=1] PHASE END: enrich elapsed_s=1607 elapsed_min=26.8 total_triples=43489
